---
source: src/renderer/tree.rs
expression: output
---
Trace abc-123  ────────────────────────────────────────────  12ms  ❌ 1 error

❌ CreateOrderController                                                    12ms
   ├── GetUser                                                         3ms
   ├── GetCart                                                         2ms
   └── ❌ CreateInvoice                                                5ms
       └── ❌ GetProvider
           └── ⚡ THROW: No provider found with name "paypau"

─── Error Summary ────────────────────────────────────────────────────────
  ⚡ THROW │ GetProvider → "No provider found with name "paypau""
────────────────────────────────────────────────────────────────────────────────
